---
source: tests/models/users.rs
expression: res
---
Ok(
    Model {
        created_at: DATE,
        updated_at: DATE,
        id: ID
        pid: PID,
        email: "test@framework.com",
        password: "PASSWORD",
        api_key: "lo-PID",
        first_name: "a name",
        last_name: "a surname",
        fiscal_code: None,
        residence: None,
        color: None,
        image_url: None,
        birth_place: None,
        phone_number: None,
        birth_date: None,
        reset_token: None,
        reset_sent_at: None,
        email_verification_token: None,
        email_verification_sent_at: None,
        email_verified_at: None,
    },
)
